>>> say = __import__("3-say_my_name").say_my_name
>>> say("John", "Smith")
My name is John Smith
>>> say("Walter", "White")
My name is Walter White
>>> try:
...     say(4, "Sarah")
... except Exception as e:
...     print(e)
...
first_name must be a string
>>> try:
...     say(None)
... except Exception as e:
...     print(e)
...
first_name must be a string
>>> say_my_name('\n', 'White')
My name is
White

say_my_name('\', 'White')
Traceback (most recent call last):
...
TypeError: last_name must be a string
>>> say_my_name("John", "Smith")
    My name is John Smith

    >>> say_my_name("Bob")
    My name is Bob 

    >>> say_my_name(12, "White")
    Traceback (most recent call last):
    TypeError: first_name must be a string

    >>> say_my_name("Barry", None)
    Traceback (most recent call last):
    TypeError: last_name must be a string

    >>> say_my_name(1, 2)
    Traceback (most recent call last):
    TypeError: first_name must be a string

    >>> say_my_name("", "Holberton")
    My name is  Holberton

    >>> say_my_name("", "")
    My name is  

    >>> say_my_name()
    Traceback (most recent call last):
    TypeError: say_my_name() missing 1 required positional argument: 'first_name'
